]0;~/Documents/misc/tdp_workflow_talk[?1034hljanda-mac:tdp_workflow_talk ljanda$ [Kljanda-mac:tdp_workflow_talk ljanda$ gt [K[Kit satus[K[K[K[Ktatus
On branch master
Your branch is up to date with 'origin/master'.

Changes not staged for commit:
  (use "git add <file>..." to update what will be committed)
  (use "git checkout -- <file>..." to discard changes in working directory)

	[31mmodified:   README.md[m

Untracked files:
  (use "git add <file>..." to include in what will be committed)

	[31m.Rproj.user/[m
	[31mREADME.html[m

no changes added to commit (use "git add" and/or "git commit -a")
]0;~/Documents/misc/tdp_workflow_talkljanda-mac:tdp_workflow_talk ljanda$ git add .
]0;~/Documents/misc/tdp_workflow_talkljanda-mac:tdp_workflow_talk ljanda$ git -m "update r[KREADME"
Unknown option: -m
usage: git [--version] [--help] [-C <path>] [-c name=value]
           [--exec-path[=<path>]] [--html-path] [--man-path] [--info-path]
           [-p | --paginate | --no-pager] [--no-replace-objects] [--bare]
           [--git-dir=<path>] [--work-tree=<path>] [--namespace=<name>]
           <command> [<args>]
]0;~/Documents/misc/tdp_workflow_talkljanda-mac:tdp_workflow_talk ljanda$ goit p[K[K[K[K[Kit [K[K[K[Kgit -m "update README"[1@c[1@o[1@m[1@m[1@i[1@t[1@ 
[master 8318dec] update README
 16 files changed, 505 insertions(+), 1 deletion(-)
 create mode 100644 .Rproj.user/589FD5D4/console06/600A9C77
 create mode 100644 .Rproj.user/589FD5D4/console06/INDEX001
 create mode 100644 .Rproj.user/589FD5D4/pcs/files-pane.pper
 create mode 100644 .Rproj.user/589FD5D4/pcs/source-pane.pper
 create mode 100644 .Rproj.user/589FD5D4/pcs/windowlayoutstate.pper
 create mode 100644 .Rproj.user/589FD5D4/pcs/workbench-pane.pper
 create mode 100644 .Rproj.user/589FD5D4/rmd-outputs
 create mode 100644 .Rproj.user/589FD5D4/saved_source_markers
 create mode 100644 .Rproj.user/589FD5D4/sources/prop/EAEBB6D7
 create mode 100644 .Rproj.user/589FD5D4/sources/prop/INDEX
 create mode 100644 .Rproj.user/589FD5D4/sources/s-43B792B8/5F8A9975
 create mode 100644 .Rproj.user/589FD5D4/sources/s-43B792B8/5F8A9975-contents
 create mode 100644 .Rproj.user/589FD5D4/sources/s-43B792B8/lock_file
 create mode 100644 .Rproj.user/shared/notebooks/patch-chunk-names
 create mode 100644 README.html
]0;~/Documents/misc/tdp_workflow_talkljanda-mac:tdp_workflow_talk ljanda$ git push origin master
Counting objects: 25, done.
Delta compression using up to 8 threads.
Compressing objects:   5% (1/20)   Compressing objects:  10% (2/20)   Compressing objects:  15% (3/20)   Compressing objects:  20% (4/20)   Compressing objects:  25% (5/20)   Compressing objects:  30% (6/20)   Compressing objects:  35% (7/20)   Compressing objects:  40% (8/20)   Compressing objects:  45% (9/20)   Compressing objects:  50% (10/20)   Compressing objects:  55% (11/20)   Compressing objects:  60% (12/20)   Compressing objects:  65% (13/20)   Compressing objects:  70% (14/20)   Compressing objects:  75% (15/20)   Compressing objects:  80% (16/20)   Compressing objects:  85% (17/20)   Compressing objects:  90% (18/20)   Compressing objects:  95% (19/20)   Compressing objects: 100% (20/20)   Compressing objects: 100% (20/20), done.
Writing objects:   4% (1/25)   Writing objects:   8% (2/25)   Writing objects:  12% (3/25)   Writing objects:  16% (4/25)   Writing objects:  20% (5/25)   Writing objects:  24% (6/25)   Writing objects:  28% (7/25)   Writing objects:  32% (8/25)   Writing objects:  36% (9/25)   Writing objects:  40% (10/25)   Writing objects:  44% (11/25)   Writing objects:  48% (12/25)   Writing objects:  52% (13/25)   Writing objects:  56% (14/25)   Writing objects:  60% (15/25)   Writing objects:  64% (16/25)   Writing objects:  68% (17/25)   Writing objects:  72% (18/25)   Writing objects:  76% (19/25)   Writing objects:  80% (20/25)   Writing objects:  84% (21/25)   Writing objects:  88% (22/25)   Writing objects:  92% (23/25)   Writing objects:  96% (24/25)   Writing objects: 100% (25/25)   Writing objects: 100% (25/25), 212.44 KiB | 4.72 MiB/s, done.
Total 25 (delta 1), reused 0 (delta 0)
remote: Resolving deltas:   0% (0/1)   [Kremote: Resolving deltas: 100% (1/1)   [Kremote: Resolving deltas: 100% (1/1), completed with 1 local object.[K
To https://github.com/ljanda/tdp_workflow_talk.git
   82865b1..8318dec  master -> master
git status
On branch master
Your branch is up to date with 'origin/master'.

Changes not staged for commit:
  (use "git add/rm <file>..." to update what will be committed)
  (use "git checkout -- <file>..." to discard changes in working directory)

	[31mmodified:   .Rproj.user/589FD5D4/console06/600A9C77[m
	[31mmodified:   .Rproj.user/589FD5D4/console06/INDEX001[m
	[31mmodified:   .Rproj.user/589FD5D4/pcs/files-pane.pper[m
	[31mmodified:   .Rproj.user/589FD5D4/rmd-outputs[m
	[31mmodified:   .Rproj.user/589FD5D4/sources/prop/INDEX[m
	[31mdeleted:    .Rproj.user/589FD5D4/sources/s-43B792B8/5F8A9975[m
	[31mdeleted:    .Rproj.user/589FD5D4/sources/s-43B792B8/5F8A9975-contents[m
	[31mdeleted:    .Rproj.user/589FD5D4/sources/s-43B792B8/lock_file[m
	[31mdeleted:    src/style.css[m
	[31mdeleted:    src/tdp_talk.Rmd[m
	[31mdeleted:    src/tdp_talk.html[m

Untracked files:
  (use "git add <file>..." to include in what will be committed)

	[31m.Rproj.user/589FD5D4/console06/600A9C77.env[m
	[31m.Rproj.user/589FD5D4/sources/prop/9175DD3B[m
	[31m.Rproj.user/589FD5D4/sources/s-6DB38089/[m
	[31m.Rproj.user/shared/notebooks/paths[m
	[31mtalk_slides/[m

no changes added to commit (use "git add" and/or "git commit -a")
]0;~/Documents/misc/tdp_workflow_talkljanda-mac:tdp_workflow_talk ljanda$ git commi[K[K[K[K[Kadd .
]0;~/Documents/misc/tdp_workflow_talkljanda-mac:tdp_workflow_talk ljanda$ git commit -m "change file anme[K[K[K[Kname"
[master bfd1791] change file name
 16 files changed, 179 insertions(+), 32 deletions(-)
 create mode 100644 .Rproj.user/589FD5D4/console06/600A9C77.env
 rewrite .Rproj.user/589FD5D4/console06/INDEX001 (100%)
 create mode 100644 .Rproj.user/589FD5D4/sources/prop/9175DD3B
 delete mode 100644 .Rproj.user/589FD5D4/sources/s-43B792B8/5F8A9975
 delete mode 100644 .Rproj.user/589FD5D4/sources/s-43B792B8/5F8A9975-contents
 create mode 100644 .Rproj.user/589FD5D4/sources/s-6DB38089/BAEB49A8
 rename src/style.css => .Rproj.user/589FD5D4/sources/s-6DB38089/BAEB49A8-contents (100%)
 rename .Rproj.user/589FD5D4/sources/{s-43B792B8 => s-6DB38089}/lock_file (100%)
 create mode 100644 .Rproj.user/shared/notebooks/paths
 create mode 100644 talk_slides/style.css
 rename {src => talk_slides}/tdp_talk.Rmd (100%)
 rename {src => talk_slides}/tdp_talk.html (100%)
]0;~/Documents/misc/tdp_workflow_talkljanda-mac:tdp_workflow_talk ljanda$ git push origin master
Counting objects: 20, done.
Delta compression using up to 8 threads.
Compressing objects:   5% (1/18)   Compressing objects:  11% (2/18)   Compressing objects:  16% (3/18)   Compressing objects:  22% (4/18)   Compressing objects:  27% (5/18)   Compressing objects:  33% (6/18)   Compressing objects:  38% (7/18)   Compressing objects:  44% (8/18)   Compressing objects:  50% (9/18)   Compressing objects:  55% (10/18)   Compressing objects:  61% (11/18)   Compressing objects:  66% (12/18)   Compressing objects:  72% (13/18)   Compressing objects:  77% (14/18)   Compressing objects:  83% (15/18)   Compressing objects:  88% (16/18)   Compressing objects:  94% (17/18)   Compressing objects: 100% (18/18)   Compressing objects: 100% (18/18), done.
Writing objects:   5% (1/20)   Writing objects:  10% (2/20)   Writing objects:  15% (3/20)   Writing objects:  20% (4/20)   Writing objects:  25% (5/20)   Writing objects:  30% (6/20)   Writing objects:  35% (7/20)   Writing objects:  40% (8/20)   Writing objects:  45% (9/20)   Writing objects:  50% (10/20)   Writing objects:  55% (11/20)   Writing objects:  60% (12/20)   Writing objects:  65% (13/20)   Writing objects:  70% (14/20)   Writing objects:  75% (15/20)   Writing objects:  80% (16/20)   Writing objects:  85% (17/20)   Writing objects:  90% (18/20)   Writing objects:  95% (19/20)   Writing objects: 100% (20/20)   Writing objects: 100% (20/20), 4.50 KiB | 164.00 KiB/s, done.
Total 20 (delta 5), reused 0 (delta 0)
remote: Resolving deltas:   0% (0/5)   [Kremote: Resolving deltas:  20% (1/5)   [Kremote: Resolving deltas:  40% (2/5)   [Kremote: Resolving deltas:  60% (3/5)   [Kremote: Resolving deltas:  80% (4/5)   [Kremote: Resolving deltas: 100% (5/5)   [Kremote: Resolving deltas: 100% (5/5), completed with 5 local objects.[K
To https://github.com/ljanda/tdp_workflow_talk.git
   8318dec..bfd1791  master -> master
]0;~/Documents/misc/tdp_workflow_talkljanda-mac:tdp_workflow_talk ljanda$ git satu[K[K[Ktatus
On branch master
Your branch is up to date with 'origin/master'.

Changes not staged for commit:
  (use "git add <file>..." to update what will be committed)
  (use "git checkout -- <file>..." to discard changes in working directory)

	[31mmodified:   .Rproj.user/589FD5D4/console06/600A9C77[m
	[31mmodified:   .Rproj.user/589FD5D4/console06/600A9C77.env[m
	[31mmodified:   .gitignore[m

no changes added to commit (use "git add" and/or "git commit -a")
]0;~/Documents/misc/tdp_workflow_talkljanda-mac:tdp_workflow_talk ljanda$ git add .